--- Testing Salesman API Logic ---
Shop: onestop (ID: 1)
Salesmen found: 1
  Salesman: husain
    Daily Qty: 0
    Incentives: 0.0
--- Test End ---
